!*** M2M QVT Declarative (QVTd) map ********************************************

!*** Special entries from eclipse

plugin@org.eclipse.test=v20091002,:pserver:anonymous@dev.eclipse.org:/cvsroot/eclipse,
fragment@org.eclipse.ant.optional.junit=R3_5_1,:pserver:anonymous@dev.eclipse.org:/cvsroot/eclipse,

!*** QVT features ***************************************************************************
feature@org.eclipse.qvt.declarative=HEAD,:pserver:anonymous@dev.eclipse.org:/cvsroot/modeling,,org.eclipse.m2m/org.eclipse.qvt.declarative/features/org.eclipse.qvt.declarative-feature
feature@org.eclipse.qvt.declarative.editor.qvtrelation=HEAD,:pserver:anonymous@dev.eclipse.org:/cvsroot/modeling,,org.eclipse.m2m/org.eclipse.qvt.declarative/features/org.eclipse.qvt.declarative.editor.qvtrelation-feature
feature@org.eclipse.qvt.declarative.editor.qvtcore=HEAD,:pserver:anonymous@dev.eclipse.org:/cvsroot/modeling,,org.eclipse.m2m/org.eclipse.qvt.declarative/features/org.eclipse.qvt.declarative.editor.qvtcore-feature
feature@org.eclipse.qvt.declarative.editor.qvtbase=HEAD,:pserver:anonymous@dev.eclipse.org:/cvsroot/modeling,,org.eclipse.m2m/org.eclipse.qvt.declarative/features/org.eclipse.qvt.declarative.editor.qvtbase-feature
feature@org.eclipse.qvt.declarative.editor=HEAD,:pserver:anonymous@dev.eclipse.org:/cvsroot/modeling,,org.eclipse.m2m/org.eclipse.qvt.declarative/features/org.eclipse.qvt.declarative.editor-feature
feature@org.eclipse.qvt.declarative.ecore.qvtbase=HEAD,:pserver:anonymous@dev.eclipse.org:/cvsroot/modeling,,org.eclipse.m2m/org.eclipse.qvt.declarative/features/org.eclipse.qvt.declarative.ecore.qvtbase-feature
feature@org.eclipse.qvt.declarative.ecore.qvtcore=HEAD,:pserver:anonymous@dev.eclipse.org:/cvsroot/modeling,,org.eclipse.m2m/org.eclipse.qvt.declarative/features/org.eclipse.qvt.declarative.ecore.qvtcore-feature
feature@org.eclipse.qvt.declarative.ecore.qvtrelation=HEAD,:pserver:anonymous@dev.eclipse.org:/cvsroot/modeling,,org.eclipse.m2m/org.eclipse.qvt.declarative/features/org.eclipse.qvt.declarative.ecore.qvtrelation-feature
feature@org.eclipse.qvt.declarative.modelregistry=HEAD,:pserver:anonymous@dev.eclipse.org:/cvsroot/modeling,,org.eclipse.m2m/org.eclipse.qvt.declarative/features/org.eclipse.qvt.declarative.modelregistry-feature

!*** QVT plug-ins ***************************************************************************
plugin@org.eclipse.qvt=HEAD,:pserver:anonymous@dev.eclipse.org:/cvsroot/modeling,,org.eclipse.m2m/org.eclipse.qvt.declarative/plugins/org.eclipse.qvt
plugin@org.eclipse.qvt.declarative.ecore=HEAD,:pserver:anonymous@dev.eclipse.org:/cvsroot/modeling,,org.eclipse.m2m/org.eclipse.qvt.declarative/plugins/org.eclipse.qvt.declarative.ecore
plugin@org.eclipse.qvt.declarative.ecore.qvtbase=HEAD,:pserver:anonymous@dev.eclipse.org:/cvsroot/modeling,,org.eclipse.m2m/org.eclipse.qvt.declarative/plugins/org.eclipse.qvt.declarative.ecore.qvtbase
plugin@org.eclipse.qvt.declarative.ecore.qvtbase.edit=HEAD,:pserver:anonymous@dev.eclipse.org:/cvsroot/modeling,,org.eclipse.m2m/org.eclipse.qvt.declarative/plugins/org.eclipse.qvt.declarative.ecore.qvtbase.edit
plugin@org.eclipse.qvt.declarative.ecore.qvtbase.editor=HEAD,:pserver:anonymous@dev.eclipse.org:/cvsroot/modeling,,org.eclipse.m2m/org.eclipse.qvt.declarative/plugins/org.eclipse.qvt.declarative.ecore.qvtbase.editor
plugin@org.eclipse.qvt.declarative.ecore.qvtcore=HEAD,:pserver:anonymous@dev.eclipse.org:/cvsroot/modeling,,org.eclipse.m2m/org.eclipse.qvt.declarative/plugins/org.eclipse.qvt.declarative.ecore.qvtcore
plugin@org.eclipse.qvt.declarative.ecore.qvtcore.edit=HEAD,:pserver:anonymous@dev.eclipse.org:/cvsroot/modeling,,org.eclipse.m2m/org.eclipse.qvt.declarative/plugins/org.eclipse.qvt.declarative.ecore.qvtcore.edit
plugin@org.eclipse.qvt.declarative.ecore.qvtcore.editor=HEAD,:pserver:anonymous@dev.eclipse.org:/cvsroot/modeling,,org.eclipse.m2m/org.eclipse.qvt.declarative/plugins/org.eclipse.qvt.declarative.ecore.qvtcore.editor
plugin@org.eclipse.qvt.declarative.ecore.qvtrelation=HEAD,:pserver:anonymous@dev.eclipse.org:/cvsroot/modeling,,org.eclipse.m2m/org.eclipse.qvt.declarative/plugins/org.eclipse.qvt.declarative.ecore.qvtrelation
plugin@org.eclipse.qvt.declarative.ecore.qvtrelation.edit=HEAD,:pserver:anonymous@dev.eclipse.org:/cvsroot/modeling,,org.eclipse.m2m/org.eclipse.qvt.declarative/plugins/org.eclipse.qvt.declarative.ecore.qvtrelation.edit
plugin@org.eclipse.qvt.declarative.ecore.qvtrelation.editor=HEAD,:pserver:anonymous@dev.eclipse.org:/cvsroot/modeling,,org.eclipse.m2m/org.eclipse.qvt.declarative/plugins/org.eclipse.qvt.declarative.ecore.qvtrelation.editor
plugin@org.eclipse.qvt.declarative.ecore.qvttemplate=HEAD,:pserver:anonymous@dev.eclipse.org:/cvsroot/modeling,,org.eclipse.m2m/org.eclipse.qvt.declarative/plugins/org.eclipse.qvt.declarative.ecore.qvttemplate
plugin@org.eclipse.qvt.declarative.ecore.qvttemplate.edit=HEAD,:pserver:anonymous@dev.eclipse.org:/cvsroot/modeling,,org.eclipse.m2m/org.eclipse.qvt.declarative/plugins/org.eclipse.qvt.declarative.ecore.qvttemplate.edit
plugin@org.eclipse.qvt.declarative.ecore.qvttemplate.editor=HEAD,:pserver:anonymous@dev.eclipse.org:/cvsroot/modeling,,org.eclipse.m2m/org.eclipse.qvt.declarative/plugins/org.eclipse.qvt.declarative.ecore.qvttemplate.editor
plugin@org.eclipse.qvt.declarative.emof.emof=HEAD,:pserver:anonymous@dev.eclipse.org:/cvsroot/modeling,,org.eclipse.m2m/org.eclipse.qvt.declarative/plugins/org.eclipse.qvt.declarative.emof.emof
plugin@org.eclipse.qvt.declarative.emof.qvtbase=HEAD,:pserver:anonymous@dev.eclipse.org:/cvsroot/modeling,,org.eclipse.m2m/org.eclipse.qvt.declarative/plugins/org.eclipse.qvt.declarative.emof.qvtbase
plugin@org.eclipse.qvt.declarative.emof.qvtcore=HEAD,:pserver:anonymous@dev.eclipse.org:/cvsroot/modeling,,org.eclipse.m2m/org.eclipse.qvt.declarative/plugins/org.eclipse.qvt.declarative.emof.qvtcore
plugin@org.eclipse.qvt.declarative.emof.qvttemplate=HEAD,:pserver:anonymous@dev.eclipse.org:/cvsroot/modeling,,org.eclipse.m2m/org.eclipse.qvt.declarative/plugins/org.eclipse.qvt.declarative.emof.qvttemplate
plugin@org.eclipse.qvt.declarative.emof.qvtrelation=HEAD,:pserver:anonymous@dev.eclipse.org:/cvsroot/modeling,,org.eclipse.m2m/org.eclipse.qvt.declarative/plugins/org.eclipse.qvt.declarative.emof.qvtrelation
plugin@org.eclipse.qvt.declarative.emof.essentialocl=HEAD,:pserver:anonymous@dev.eclipse.org:/cvsroot/modeling,,org.eclipse.m2m/org.eclipse.qvt.declarative/plugins/org.eclipse.qvt.declarative.emof.essentialocl
plugin@org.eclipse.qvt.declarative.editor.model=HEAD,:pserver:anonymous@dev.eclipse.org:/cvsroot/modeling,,org.eclipse.m2m/org.eclipse.qvt.declarative/plugins/org.eclipse.qvt.declarative.editor.model
plugin@org.eclipse.qvt.declarative.editor.model.edit=HEAD,:pserver:anonymous@dev.eclipse.org:/cvsroot/modeling,,org.eclipse.m2m/org.eclipse.qvt.declarative/plugins/org.eclipse.qvt.declarative.editor.model.edit
plugin@org.eclipse.qvt.declarative.editor.model.editor=HEAD,:pserver:anonymous@dev.eclipse.org:/cvsroot/modeling,,org.eclipse.m2m/org.eclipse.qvt.declarative/plugins/org.eclipse.qvt.declarative.editor.model.editor
plugin@org.eclipse.qvt.declarative.editor.ui=HEAD,:pserver:anonymous@dev.eclipse.org:/cvsroot/modeling,,org.eclipse.m2m/org.eclipse.qvt.declarative/plugins/org.eclipse.qvt.declarative.editor.ui
plugin@org.eclipse.qvt.declarative.editor.ocl.ui=HEAD,:pserver:anonymous@dev.eclipse.org:/cvsroot/modeling,,org.eclipse.m2m/org.eclipse.qvt.declarative/plugins/org.eclipse.qvt.declarative.editor.ocl.ui
plugin@org.eclipse.qvt.declarative.editor.qvtcore.ui=HEAD,:pserver:anonymous@dev.eclipse.org:/cvsroot/modeling,,org.eclipse.m2m/org.eclipse.qvt.declarative/plugins/org.eclipse.qvt.declarative.editor.qvtcore.ui
plugin@org.eclipse.qvt.declarative.editor.qvtrelation.ui=HEAD,:pserver:anonymous@dev.eclipse.org:/cvsroot/modeling,,org.eclipse.m2m/org.eclipse.qvt.declarative/plugins/org.eclipse.qvt.declarative.editor.qvtrelation.ui
plugin@org.eclipse.qvt.declarative.parser=HEAD,:pserver:anonymous@dev.eclipse.org:/cvsroot/modeling,,org.eclipse.m2m/org.eclipse.qvt.declarative/plugins/org.eclipse.qvt.declarative.parser
plugin@org.eclipse.qvt.declarative.parser.ocl=HEAD,:pserver:anonymous@dev.eclipse.org:/cvsroot/modeling,,org.eclipse.m2m/org.eclipse.qvt.declarative/plugins/org.eclipse.qvt.declarative.parser.ocl
plugin@org.eclipse.qvt.declarative.parser.qvtcore=HEAD,:pserver:anonymous@dev.eclipse.org:/cvsroot/modeling,,org.eclipse.m2m/org.eclipse.qvt.declarative/plugins/org.eclipse.qvt.declarative.parser.qvtcore
plugin@org.eclipse.qvt.declarative.parser.qvtrelation=HEAD,:pserver:anonymous@dev.eclipse.org:/cvsroot/modeling,,org.eclipse.m2m/org.eclipse.qvt.declarative/plugins/org.eclipse.qvt.declarative.parser.qvtrelation
plugin@org.eclipse.qvt.declarative.parser.ui=HEAD,:pserver:anonymous@dev.eclipse.org:/cvsroot/modeling,,org.eclipse.m2m/org.eclipse.qvt.declarative/plugins/org.eclipse.qvt.declarative.parser.ui
plugin@org.eclipse.qvt.declarative.parser.unresolved=HEAD,:pserver:anonymous@dev.eclipse.org:/cvsroot/modeling,,org.eclipse.m2m/org.eclipse.qvt.declarative/plugins/org.eclipse.qvt.declarative.parser.unresolved
plugin@org.eclipse.qvt.declarative.modelregistry=HEAD,:pserver:anonymous@dev.eclipse.org:/cvsroot/modeling,,org.eclipse.m2m/org.eclipse.qvt.declarative/plugins/org.eclipse.qvt.declarative.modelregistry
plugin@org.eclipse.qvt.declarative.modelregistry.edit=HEAD,:pserver:anonymous@dev.eclipse.org:/cvsroot/modeling,,org.eclipse.m2m/org.eclipse.qvt.declarative/plugins/org.eclipse.qvt.declarative.modelregistry.edit
plugin@org.eclipse.qvt.declarative.modelregistry.editor=HEAD,:pserver:anonymous@dev.eclipse.org:/cvsroot/modeling,,org.eclipse.m2m/org.eclipse.qvt.declarative/plugins/org.eclipse.qvt.declarative.modelregistry.editor
plugin@org.eclipse.qvt.declarative.modelregistry.ui=HEAD,:pserver:anonymous@dev.eclipse.org:/cvsroot/modeling,,org.eclipse.m2m/org.eclipse.qvt.declarative/plugins/org.eclipse.qvt.declarative.modelregistry.ui

!*** QVT examples ***************************************************************************
feature@org.eclipse.qvt.declarative.examples=HEAD,:pserver:anonymous@dev.eclipse.org:/cvsroot/modeling,,org.eclipse.m2m/org.eclipse.qvt.declarative/features/org.eclipse.qvt.declarative.examples-feature
plugin@org.eclipse.qvt.declarative.examples=HEAD,:pserver:anonymous@dev.eclipse.org:/cvsroot/modeling,,org.eclipse.m2m/org.eclipse.qvt.declarative/plugins/org.eclipse.qvt.declarative.examples

!*** QVT tests ******************************************************************************
feature@org.eclipse.qvt.declarative.test=HEAD,:pserver:anonymous@dev.eclipse.org:/cvsroot/modeling,,org.eclipse.m2m/org.eclipse.qvt.declarative/features/org.eclipse.qvt.declarative.test-feature
plugin@org.eclipse.qvt.declarative.test.all=HEAD,:pserver:anonymous@dev.eclipse.org:/cvsroot/modeling,,org.eclipse.m2m/org.eclipse.qvt.declarative/tests/org.eclipse.qvt.declarative.test.all
plugin@org.eclipse.qvt.declarative.test.modelregistry=HEAD,:pserver:anonymous@dev.eclipse.org:/cvsroot/modeling,,org.eclipse.m2m/org.eclipse.qvt.declarative/tests/org.eclipse.qvt.declarative.test.modelregistry
plugin@org.eclipse.qvt.declarative.test.emof=HEAD,:pserver:anonymous@dev.eclipse.org:/cvsroot/modeling,,org.eclipse.m2m/org.eclipse.qvt.declarative/tests/org.eclipse.qvt.declarative.test.emof
plugin@org.eclipse.qvt.declarative.test.emof.all=HEAD,:pserver:anonymous@dev.eclipse.org:/cvsroot/modeling,,org.eclipse.m2m/org.eclipse.qvt.declarative/tests/org.eclipse.qvt.declarative.test.emof.all
plugin@org.eclipse.qvt.declarative.test.emof.emof=HEAD,:pserver:anonymous@dev.eclipse.org:/cvsroot/modeling,,org.eclipse.m2m/org.eclipse.qvt.declarative/tests/org.eclipse.qvt.declarative.test.emof.emof
plugin@org.eclipse.qvt.declarative.test.emof.essentialocl=HEAD,:pserver:anonymous@dev.eclipse.org:/cvsroot/modeling,,org.eclipse.m2m/org.eclipse.qvt.declarative/tests/org.eclipse.qvt.declarative.test.emof.essentialocl
plugin@org.eclipse.qvt.declarative.test.emof.qvtbase=HEAD,:pserver:anonymous@dev.eclipse.org:/cvsroot/modeling,,org.eclipse.m2m/org.eclipse.qvt.declarative/tests/org.eclipse.qvt.declarative.test.emof.qvtbase
plugin@org.eclipse.qvt.declarative.test.emof.qvtcore=HEAD,:pserver:anonymous@dev.eclipse.org:/cvsroot/modeling,,org.eclipse.m2m/org.eclipse.qvt.declarative/tests/org.eclipse.qvt.declarative.test.emof.qvtcore
plugin@org.eclipse.qvt.declarative.test.emof.qvtrelation=HEAD,:pserver:anonymous@dev.eclipse.org:/cvsroot/modeling,,org.eclipse.m2m/org.eclipse.qvt.declarative/tests/org.eclipse.qvt.declarative.test.emof.qvtrelation
plugin@org.eclipse.qvt.declarative.test.emof.qvttemplate=HEAD,:pserver:anonymous@dev.eclipse.org:/cvsroot/modeling,,org.eclipse.m2m/org.eclipse.qvt.declarative/tests/org.eclipse.qvt.declarative.test.emof.qvttemplate
plugin@org.eclipse.qvt.declarative.test.testqvtbase=HEAD,:pserver:anonymous@dev.eclipse.org:/cvsroot/modeling,,org.eclipse.m2m/org.eclipse.qvt.declarative/tests/org.eclipse.qvt.declarative.test.testqvtbase
plugin@org.eclipse.qvt.declarative.test.parser=HEAD,:pserver:anonymous@dev.eclipse.org:/cvsroot/modeling,,org.eclipse.m2m/org.eclipse.qvt.declarative/tests/org.eclipse.qvt.declarative.test.parser
plugin@org.eclipse.qvt.declarative.test.parser.qvtcore=HEAD,:pserver:anonymous@dev.eclipse.org:/cvsroot/modeling,,org.eclipse.m2m/org.eclipse.qvt.declarative/tests/org.eclipse.qvt.declarative.test.parser.qvtcore
plugin@org.eclipse.qvt.declarative.test.parser.qvtrelation=HEAD,:pserver:anonymous@dev.eclipse.org:/cvsroot/modeling,,org.eclipse.m2m/org.eclipse.qvt.declarative/tests/org.eclipse.qvt.declarative.test.parser.qvtrelation
plugin@org.eclipse.qvt.declarative.test.editor=HEAD,:pserver:anonymous@dev.eclipse.org:/cvsroot/modeling,,org.eclipse.m2m/org.eclipse.qvt.declarative/tests/org.eclipse.qvt.declarative.test.editor
plugin@org.eclipse.qvt.declarative.test.editor.qvtcore=HEAD,:pserver:anonymous@dev.eclipse.org:/cvsroot/modeling,,org.eclipse.m2m/org.eclipse.qvt.declarative/tests/org.eclipse.qvt.declarative.test.editor.qvtcore
plugin@org.eclipse.qvt.declarative.test.editor.qvtrelation=HEAD,:pserver:anonymous@dev.eclipse.org:/cvsroot/modeling,,org.eclipse.m2m/org.eclipse.qvt.declarative/tests/org.eclipse.qvt.declarative.test.editor.qvtrelation

!*** QVT Docs ***************************************************************************


!*** QVTd Examples plugins
plugin@org.eclipse.qvt.declarative.examples.ocl.empty=HEAD,:pserver:anonymous@dev.eclipse.org:/cvsroot/modeling,,org.eclipse.m2m/org.eclipse.qvt.declarative/examples/org.eclipse.qvt.declarative.examples.ocl.empty
plugin@org.eclipse.qvt.declarative.examples.ocl.royalandloyal=HEAD,:pserver:anonymous@dev.eclipse.org:/cvsroot/modeling,,org.eclipse.m2m/org.eclipse.qvt.declarative/examples/org.eclipse.qvt.declarative.examples.ocl.royalandloyal
plugin@org.eclipse.qvt.declarative.examples.qvtcore.empty=HEAD,:pserver:anonymous@dev.eclipse.org:/cvsroot/modeling,,org.eclipse.m2m/org.eclipse.qvt.declarative/examples/org.eclipse.qvt.declarative.examples.qvtcore.empty
!*** plugin@org.eclipse.qvt.declarative.examples.qvtcore.uml2rdbms=HEAD,:pserver:anonymous@dev.eclipse.org:/cvsroot/modeling,,org.eclipse.m2m/org.eclipse.qvt.declarative/examples/org.eclipse.qvt.declarative.examples.qvtcore.uml2rdbms
plugin@org.eclipse.qvt.declarative.examples.qvtrelation.empty=HEAD,:pserver:anonymous@dev.eclipse.org:/cvsroot/modeling,,org.eclipse.m2m/org.eclipse.qvt.declarative/examples/org.eclipse.qvt.declarative.examples.qvtrelation.empty
plugin@org.eclipse.qvt.declarative.examples.qvtrelation.modelmorf=HEAD,:pserver:anonymous@dev.eclipse.org:/cvsroot/modeling,,org.eclipse.m2m/org.eclipse.qvt.declarative/examples/org.eclipse.qvt.declarative.examples.qvtrelation.modelmorf
plugin@org.eclipse.qvt.declarative.examples.qvtrelation.reltocore=HEAD,:pserver:anonymous@dev.eclipse.org:/cvsroot/modeling,,org.eclipse.m2m/org.eclipse.qvt.declarative/examples/org.eclipse.qvt.declarative.examples.qvtrelation.reltocore
