!*** M2M QVT Declarative (QVTD) map ********************************************

!*** QVT features ***************************************************************************
feature@org.eclipse.qvt.declarative=HEAD,:pserver:anonymous@dev.eclipse.org:/cvsroot/modeling,,org.eclipse.m2m/org.eclipse.qvt.declarative/features/org.eclipse.qvt.declarative-feature
feature@org.eclipse.qvt.declarative.editor.qvtrelation=HEAD,:pserver:anonymous@dev.eclipse.org:/cvsroot/modeling,,org.eclipse.m2m/org.eclipse.qvt.declarative/features/org.eclipse.qvt.declarative.editor.qvtrelation-feature
feature@org.eclipse.qvt.declarative.editor.qvtcore=HEAD,:pserver:anonymous@dev.eclipse.org:/cvsroot/modeling,,org.eclipse.m2m/org.eclipse.qvt.declarative/features/org.eclipse.qvt.declarative.editor.qvtcore-feature
feature@org.eclipse.qvt.declarative.editor.qvtbase=HEAD,:pserver:anonymous@dev.eclipse.org:/cvsroot/modeling,,org.eclipse.m2m/org.eclipse.qvt.declarative/features/org.eclipse.qvt.declarative.editor.qvtbase-feature
feature@org.eclipse.qvt.declarative.editor=HEAD,:pserver:anonymous@dev.eclipse.org:/cvsroot/modeling,,org.eclipse.m2m/org.eclipse.qvt.declarative/features/org.eclipse.qvt.declarative.editor-feature
feature@org.eclipse.qvt.declarative.ecore.qvtbase=HEAD,:pserver:anonymous@dev.eclipse.org:/cvsroot/modeling,,org.eclipse.m2m/org.eclipse.qvt.declarative/features/org.eclipse.qvt.declarative.ecore.qvtbase-feature
feature@org.eclipse.qvt.declarative.ecore.qvtcore=HEAD,:pserver:anonymous@dev.eclipse.org:/cvsroot/modeling,,org.eclipse.m2m/org.eclipse.qvt.declarative/features/org.eclipse.qvt.declarative.ecore.qvtcore-feature
feature@org.eclipse.qvt.declarative.ecore.qvttemplate=HEAD,:pserver:anonymous@dev.eclipse.org:/cvsroot/modeling,,org.eclipse.m2m/org.eclipse.qvt.declarative/features/org.eclipse.qvt.declarative.ecore.qvttemplate-feature
feature@org.eclipse.qvt.declarative.ecore.qvtrelation=HEAD,:pserver:anonymous@dev.eclipse.org:/cvsroot/modeling,,org.eclipse.m2m/org.eclipse.qvt.declarative/features/org.eclipse.qvt.declarative.ecore.qvtrelation-feature
feature@org.eclipse.qvt.declarative.modelregistry=HEAD,:pserver:anonymous@dev.eclipse.org:/cvsroot/modeling,,org.eclipse.m2m/org.eclipse.qvt.declarative/features/org.eclipse.qvt.declarative.modelregistry-feature
feature@org.eclipse.qvt.declarative.ecore.redistribution=HEAD,:pserver:anonymous@dev.eclipse.org:/cvsroot/modeling,,org.eclipse.m2m/org.eclipse.qvt.declarative/features/org.eclipse.qvt.declarative.ecore.redistribution-feature
!*** feature@org.eclipse.qvt.declarative.editor.redistribution=HEAD,:pserver:anonymous@dev.eclipse.org:/cvsroot/modeling,,org.eclipse.m2m/org.eclipse.qvt.declarative/features/org.eclipse.qvt.declarative.editor.redistribution-feature


!*** QVT plug-ins ***************************************************************************
plugin@org.eclipse.ocl.ecore.edit=HEAD,:pserver:anonymous@dev.eclipse.org:/cvsroot/modeling,,org.eclipse.m2m/org.eclipse.qvt.declarative/plugins/org.eclipse.ocl.ecore.edit
plugin@org.eclipse.ocl.edit=HEAD,:pserver:anonymous@dev.eclipse.org:/cvsroot/modeling,,org.eclipse.m2m/org.eclipse.qvt.declarative/plugins/org.eclipse.ocl.edit
plugin@org.eclipse.qvt=HEAD,:pserver:anonymous@dev.eclipse.org:/cvsroot/modeling,,org.eclipse.m2m/org.eclipse.qvt.declarative/plugins/org.eclipse.qvt
plugin@org.eclipse.qvt.declarative.ecore=HEAD,:pserver:anonymous@dev.eclipse.org:/cvsroot/modeling,,org.eclipse.m2m/org.eclipse.qvt.declarative/plugins/org.eclipse.qvt.declarative.ecore
plugin@org.eclipse.qvt.declarative.ecore.qvtbase=HEAD,:pserver:anonymous@dev.eclipse.org:/cvsroot/modeling,,org.eclipse.m2m/org.eclipse.qvt.declarative/plugins/org.eclipse.qvt.declarative.ecore.qvtbase
plugin@org.eclipse.qvt.declarative.ecore.qvtbase.edit=HEAD,:pserver:anonymous@dev.eclipse.org:/cvsroot/modeling,,org.eclipse.m2m/org.eclipse.qvt.declarative/plugins/org.eclipse.qvt.declarative.ecore.qvtbase.edit
plugin@org.eclipse.qvt.declarative.ecore.qvtbase.editor=HEAD,:pserver:anonymous@dev.eclipse.org:/cvsroot/modeling,,org.eclipse.m2m/org.eclipse.qvt.declarative/plugins/org.eclipse.qvt.declarative.ecore.qvtbase.editor
plugin@org.eclipse.qvt.declarative.ecore.qvtcore=HEAD,:pserver:anonymous@dev.eclipse.org:/cvsroot/modeling,,org.eclipse.m2m/org.eclipse.qvt.declarative/plugins/org.eclipse.qvt.declarative.ecore.qvtcore
plugin@org.eclipse.qvt.declarative.ecore.qvtcore.edit=HEAD,:pserver:anonymous@dev.eclipse.org:/cvsroot/modeling,,org.eclipse.m2m/org.eclipse.qvt.declarative/plugins/org.eclipse.qvt.declarative.ecore.qvtcore.edit
plugin@org.eclipse.qvt.declarative.ecore.qvtcore.editor=HEAD,:pserver:anonymous@dev.eclipse.org:/cvsroot/modeling,,org.eclipse.m2m/org.eclipse.qvt.declarative/plugins/org.eclipse.qvt.declarative.ecore.qvtcore.editor
plugin@org.eclipse.qvt.declarative.ecore.qvtrelation=HEAD,:pserver:anonymous@dev.eclipse.org:/cvsroot/modeling,,org.eclipse.m2m/org.eclipse.qvt.declarative/plugins/org.eclipse.qvt.declarative.ecore.qvtrelation
plugin@org.eclipse.qvt.declarative.ecore.qvtrelation.edit=HEAD,:pserver:anonymous@dev.eclipse.org:/cvsroot/modeling,,org.eclipse.m2m/org.eclipse.qvt.declarative/plugins/org.eclipse.qvt.declarative.ecore.qvtrelation.edit
plugin@org.eclipse.qvt.declarative.ecore.qvtrelation.editor=HEAD,:pserver:anonymous@dev.eclipse.org:/cvsroot/modeling,,org.eclipse.m2m/org.eclipse.qvt.declarative/plugins/org.eclipse.qvt.declarative.ecore.qvtrelation.editor
plugin@org.eclipse.qvt.declarative.ecore.qvttemplate=HEAD,:pserver:anonymous@dev.eclipse.org:/cvsroot/modeling,,org.eclipse.m2m/org.eclipse.qvt.declarative/plugins/org.eclipse.qvt.declarative.ecore.qvttemplate
plugin@org.eclipse.qvt.declarative.ecore.qvttemplate.edit=HEAD,:pserver:anonymous@dev.eclipse.org:/cvsroot/modeling,,org.eclipse.m2m/org.eclipse.qvt.declarative/plugins/org.eclipse.qvt.declarative.ecore.qvttemplate.edit
plugin@org.eclipse.qvt.declarative.ecore.qvttemplate.editor=HEAD,:pserver:anonymous@dev.eclipse.org:/cvsroot/modeling,,org.eclipse.m2m/org.eclipse.qvt.declarative/plugins/org.eclipse.qvt.declarative.ecore.qvttemplate.editor
plugin@org.eclipse.qvt.declarative.emof.emof=HEAD,:pserver:anonymous@dev.eclipse.org:/cvsroot/modeling,,org.eclipse.m2m/org.eclipse.qvt.declarative/plugins/org.eclipse.qvt.declarative.emof.emof
plugin@org.eclipse.qvt.declarative.emof.qvtbase=HEAD,:pserver:anonymous@dev.eclipse.org:/cvsroot/modeling,,org.eclipse.m2m/org.eclipse.qvt.declarative/plugins/org.eclipse.qvt.declarative.emof.qvtbase
plugin@org.eclipse.qvt.declarative.emof.qvtcore=HEAD,:pserver:anonymous@dev.eclipse.org:/cvsroot/modeling,,org.eclipse.m2m/org.eclipse.qvt.declarative/plugins/org.eclipse.qvt.declarative.emof.qvtcore
plugin@org.eclipse.qvt.declarative.emof.qvttemplate=HEAD,:pserver:anonymous@dev.eclipse.org:/cvsroot/modeling,,org.eclipse.m2m/org.eclipse.qvt.declarative/plugins/org.eclipse.qvt.declarative.emof.qvttemplate
plugin@org.eclipse.qvt.declarative.emof.qvtrelation=HEAD,:pserver:anonymous@dev.eclipse.org:/cvsroot/modeling,,org.eclipse.m2m/org.eclipse.qvt.declarative/plugins/org.eclipse.qvt.declarative.emof.qvtrelation
plugin@org.eclipse.qvt.declarative.emof.essentialocl=HEAD,:pserver:anonymous@dev.eclipse.org:/cvsroot/modeling,,org.eclipse.m2m/org.eclipse.qvt.declarative/plugins/org.eclipse.qvt.declarative.emof.essentialocl
plugin@org.eclipse.qvt.declarative.editor.model=HEAD,:pserver:anonymous@dev.eclipse.org:/cvsroot/modeling,,org.eclipse.m2m/org.eclipse.qvt.declarative/plugins/org.eclipse.qvt.declarative.editor.model
plugin@org.eclipse.qvt.declarative.editor.model.edit=HEAD,:pserver:anonymous@dev.eclipse.org:/cvsroot/modeling,,org.eclipse.m2m/org.eclipse.qvt.declarative/plugins/org.eclipse.qvt.declarative.editor.model.edit
plugin@org.eclipse.qvt.declarative.editor.model.editor=HEAD,:pserver:anonymous@dev.eclipse.org:/cvsroot/modeling,,org.eclipse.m2m/org.eclipse.qvt.declarative/plugins/org.eclipse.qvt.declarative.editor.model.editor
plugin@org.eclipse.qvt.declarative.editor.ui=HEAD,:pserver:anonymous@dev.eclipse.org:/cvsroot/modeling,,org.eclipse.m2m/org.eclipse.qvt.declarative/plugins/org.eclipse.qvt.declarative.editor.ui
plugin@org.eclipse.qvt.declarative.editor.ocl.ui=HEAD,:pserver:anonymous@dev.eclipse.org:/cvsroot/modeling,,org.eclipse.m2m/org.eclipse.qvt.declarative/plugins/org.eclipse.qvt.declarative.editor.ocl.ui
plugin@org.eclipse.qvt.declarative.editor.qvtcore.ui=HEAD,:pserver:anonymous@dev.eclipse.org:/cvsroot/modeling,,org.eclipse.m2m/org.eclipse.qvt.declarative/plugins/org.eclipse.qvt.declarative.editor.qvtcore.ui
plugin@org.eclipse.qvt.declarative.editor.qvtrelation.ui=HEAD,:pserver:anonymous@dev.eclipse.org:/cvsroot/modeling,,org.eclipse.m2m/org.eclipse.qvt.declarative/plugins/org.eclipse.qvt.declarative.editor.qvtrelation.ui
plugin@org.eclipse.qvt.declarative.parser=HEAD,:pserver:anonymous@dev.eclipse.org:/cvsroot/modeling,,org.eclipse.m2m/org.eclipse.qvt.declarative/plugins/org.eclipse.qvt.declarative.parser
plugin@org.eclipse.qvt.declarative.parser.ocl=HEAD,:pserver:anonymous@dev.eclipse.org:/cvsroot/modeling,,org.eclipse.m2m/org.eclipse.qvt.declarative/plugins/org.eclipse.qvt.declarative.parser.ocl
plugin@org.eclipse.qvt.declarative.parser.qvtcore=HEAD,:pserver:anonymous@dev.eclipse.org:/cvsroot/modeling,,org.eclipse.m2m/org.eclipse.qvt.declarative/plugins/org.eclipse.qvt.declarative.parser.qvtcore
plugin@org.eclipse.qvt.declarative.parser.qvtrelation=HEAD,:pserver:anonymous@dev.eclipse.org:/cvsroot/modeling,,org.eclipse.m2m/org.eclipse.qvt.declarative/plugins/org.eclipse.qvt.declarative.parser.qvtrelation
plugin@org.eclipse.qvt.declarative.parser.ui=HEAD,:pserver:anonymous@dev.eclipse.org:/cvsroot/modeling,,org.eclipse.m2m/org.eclipse.qvt.declarative/plugins/org.eclipse.qvt.declarative.parser.ui
plugin@org.eclipse.qvt.declarative.parser.unresolved=HEAD,:pserver:anonymous@dev.eclipse.org:/cvsroot/modeling,,org.eclipse.m2m/org.eclipse.qvt.declarative/plugins/org.eclipse.qvt.declarative.parser.unresolved
plugin@org.eclipse.qvt.declarative.modelregistry=HEAD,:pserver:anonymous@dev.eclipse.org:/cvsroot/modeling,,org.eclipse.m2m/org.eclipse.qvt.declarative/plugins/org.eclipse.qvt.declarative.modelregistry
plugin@org.eclipse.qvt.declarative.modelregistry.edit=HEAD,:pserver:anonymous@dev.eclipse.org:/cvsroot/modeling,,org.eclipse.m2m/org.eclipse.qvt.declarative/plugins/org.eclipse.qvt.declarative.modelregistry.edit
plugin@org.eclipse.qvt.declarative.modelregistry.editor=HEAD,:pserver:anonymous@dev.eclipse.org:/cvsroot/modeling,,org.eclipse.m2m/org.eclipse.qvt.declarative/plugins/org.eclipse.qvt.declarative.modelregistry.editor
plugin@org.eclipse.qvt.declarative.modelregistry.ui=HEAD,:pserver:anonymous@dev.eclipse.org:/cvsroot/modeling,,org.eclipse.m2m/org.eclipse.qvt.declarative/plugins/org.eclipse.qvt.declarative.modelregistry.ui
!*** plugin@org.eclipse.imp.runtime=HEAD,:pserver:anonymous@dev.eclipse.org:/cvsroot/modeling,,org.eclipse.m2m/org.eclipse.qvt.declarative/plugins/org.eclipse.qvt.declarative.editor.imp.runtime


!*** QVT examples ***************************************************************************
feature@org.eclipse.qvt.declarative.examples=HEAD,:pserver:anonymous@dev.eclipse.org:/cvsroot/modeling,,org.eclipse.m2m/org.eclipse.qvt.declarative/features/org.eclipse.qvt.declarative.examples-feature
plugin@org.eclipse.qvt.declarative.examples=HEAD,:pserver:anonymous@dev.eclipse.org:/cvsroot/modeling,,org.eclipse.m2m/org.eclipse.qvt.declarative/plugins/org.eclipse.qvt.declarative.examples

!*** QVT tests ******************************************************************************
feature@org.eclipse.qvt.declarative.test=HEAD,:pserver:anonymous@dev.eclipse.org:/cvsroot/modeling,,org.eclipse.m2m/org.eclipse.qvt.declarative/features/org.eclipse.qvt.declarative.test-feature
plugin@org.eclipse.qvt.declarative.test.modelregistry=HEAD,:pserver:anonymous@dev.eclipse.org:/cvsroot/modeling,,org.eclipse.m2m/org.eclipse.qvt.declarative/tests/org.eclipse.qvt.declarative.test.modelregistry
plugin@org.eclipse.qvt.declarative.test.emof=HEAD,:pserver:anonymous@dev.eclipse.org:/cvsroot/modeling,,org.eclipse.m2m/org.eclipse.qvt.declarative/tests/org.eclipse.qvt.declarative.test.emof
plugin@org.eclipse.qvt.declarative.test.emof.all=HEAD,:pserver:anonymous@dev.eclipse.org:/cvsroot/modeling,,org.eclipse.m2m/org.eclipse.qvt.declarative/tests/org.eclipse.qvt.declarative.test.emof.all
plugin@org.eclipse.qvt.declarative.test.emof.emof=HEAD,:pserver:anonymous@dev.eclipse.org:/cvsroot/modeling,,org.eclipse.m2m/org.eclipse.qvt.declarative/tests/org.eclipse.qvt.declarative.test.emof.emof
plugin@org.eclipse.qvt.declarative.test.emof.essentialocl=HEAD,:pserver:anonymous@dev.eclipse.org:/cvsroot/modeling,,org.eclipse.m2m/org.eclipse.qvt.declarative/tests/org.eclipse.qvt.declarative.test.emof.essentialocl
plugin@org.eclipse.qvt.declarative.test.emof.qvtbase=HEAD,:pserver:anonymous@dev.eclipse.org:/cvsroot/modeling,,org.eclipse.m2m/org.eclipse.qvt.declarative/tests/org.eclipse.qvt.declarative.test.emof.qvtbase
plugin@org.eclipse.qvt.declarative.test.emof.qvtcore=HEAD,:pserver:anonymous@dev.eclipse.org:/cvsroot/modeling,,org.eclipse.m2m/org.eclipse.qvt.declarative/tests/org.eclipse.qvt.declarative.test.emof.qvtcore
plugin@org.eclipse.qvt.declarative.test.emof.qvtrelation=HEAD,:pserver:anonymous@dev.eclipse.org:/cvsroot/modeling,,org.eclipse.m2m/org.eclipse.qvt.declarative/tests/org.eclipse.qvt.declarative.test.emof.qvtrelation
plugin@org.eclipse.qvt.declarative.test.emof.qvttemplate=HEAD,:pserver:anonymous@dev.eclipse.org:/cvsroot/modeling,,org.eclipse.m2m/org.eclipse.qvt.declarative/tests/org.eclipse.qvt.declarative.test.emof.qvttemplate
plugin@org.eclipse.qvt.declarative.test.testqvtbase=HEAD,:pserver:anonymous@dev.eclipse.org:/cvsroot/modeling,,org.eclipse.m2m/org.eclipse.qvt.declarative/tests/org.eclipse.qvt.declarative.test.testqvtbase
plugin@org.eclipse.qvt.declarative.test.parser=HEAD,:pserver:anonymous@dev.eclipse.org:/cvsroot/modeling,,org.eclipse.m2m/org.eclipse.qvt.declarative/tests/org.eclipse.qvt.declarative.test.parser

!*** Special entries from eclipse  
plugin@org.eclipse.test=v20080313,:pserver:anonymous@dev.eclipse.org:/cvsroot/eclipse,
fragment@org.eclipse.ant.optional.junit=v20070202,:pserver:anonymous@dev.eclipse.org:/cvsroot/eclipse,

!*** QVT Docs ***************************************************************************